location: clients/tests/test-client.py:764:test_001()/40
cmd: $NMCLI --mode multiline --pretty --color yes general permissions
lang: pl_PL.UTF-8
returncode: 0
stdout: 3800 bytes
>>>
===============================================================================
                       Uprawnienia us≈Çugi NetworkManager
===============================================================================
PERMISSION:                             org.freedesktop.NetworkManager.enable-disable-network
VALUE:                                  [32mtak[0m
-------------------------------------------------------------------------------
PERMISSION:                             org.freedesktop.NetworkManager.enable-disable-wifi
VALUE:                                  [32mtak[0m
-------------------------------------------------------------------------------
PERMISSION:                             org.freedesktop.NetworkManager.enable-disable-wwan
VALUE:                                  [32mtak[0m
-------------------------------------------------------------------------------
PERMISSION:                             org.freedesktop.NetworkManager.enable-disable-wimax
VALUE:                                  [32mtak[0m
-------------------------------------------------------------------------------
PERMISSION:                             org.freedesktop.NetworkManager.sleep-wake
VALUE:                                  [31mnie[0m
-------------------------------------------------------------------------------
PERMISSION:                             org.freedesktop.NetworkManager.network-control
VALUE:                                  [32mtak[0m
-------------------------------------------------------------------------------
PERMISSION:                             org.freedesktop.NetworkManager.wifi.share.protected
VALUE:                                  [32mtak[0m
-------------------------------------------------------------------------------
PERMISSION:                             org.freedesktop.NetworkManager.wifi.share.open
VALUE:                                  [32mtak[0m
-------------------------------------------------------------------------------
PERMISSION:                             org.freedesktop.NetworkManager.settings.modify.system
VALUE:                                  [32mtak[0m
-------------------------------------------------------------------------------
PERMISSION:                             org.freedesktop.NetworkManager.settings.modify.own
VALUE:                                  [32mtak[0m
-------------------------------------------------------------------------------
PERMISSION:                             org.freedesktop.NetworkManager.settings.modify.hostname
VALUE:                                  [32mtak[0m
-------------------------------------------------------------------------------
PERMISSION:                             org.freedesktop.NetworkManager.settings.modify.global-dns
VALUE:                                  [31mnie[0m
-------------------------------------------------------------------------------
PERMISSION:                             org.freedesktop.NetworkManager.reload
VALUE:                                  [31mnie[0m
-------------------------------------------------------------------------------
PERMISSION:                             org.freedesktop.NetworkManager.checkpoint-rollback
VALUE:                                  nieznane
-------------------------------------------------------------------------------
PERMISSION:                             org.freedesktop.NetworkManager.enable-disable-statistics
VALUE:                                  nieznane
-------------------------------------------------------------------------------
PERMISSION:                             org.freedesktop.NetworkManager.enable-disable-connectivity-check
VALUE:                                  nieznane
-------------------------------------------------------------------------------

<<<
stderr: 0 bytes
>>>

<<<
