location: clients/tests/test-client.py:934:test_004()/15
cmd: $NMCLI con up con-xx1
lang: C
returncode: 0
stdout: 106 bytes
>>>
Connection successfully activated (D-Bus active path: /org/freedesktop/NetworkManager/ActiveConnection/1)

<<<
stderr: 0 bytes
>>>

<<<
