location: clients/tests/test-client.py:824:test_003()/34
cmd: $NMCLI con up ethernet ifname eth1
lang: C
returncode: 0
stdout: 106 bytes
>>>
Connection successfully activated (D-Bus active path: /org/freedesktop/NetworkManager/ActiveConnection/2)

<<<
stderr: 0 bytes
>>>

<<<
