location: clients/tests/test-client.py:883:test_003()/66
cmd: $NMCLI -f UUID,TYPE --mode multiline --pretty con
lang: pl_PL.UTF-8
returncode: 0
stdout: 841 bytes
>>>
===============================================================================
                    Profile połączeń usługi NetworkManager
===============================================================================
UUID:                                   UUID-ethernet-REPLACED-REPLACED-REPL
TYPE:                                   ethernet
-------------------------------------------------------------------------------
UUID:                                   5fcfd6d7-1e63-3332-8826-a7eda103792d
TYPE:                                   ethernet
-------------------------------------------------------------------------------
UUID:                                   UUID-con-xx1-REPLACED-REPLACED-REPLA
TYPE:                                   ethernet
-------------------------------------------------------------------------------

<<<
stderr: 0 bytes
>>>

<<<
