location: clients/tests/test-client.py:874:test_003()/59
cmd: $NMCLI -f UUID,TYPE con
lang: C
returncode: 0
stdout: 192 bytes
>>>
UUID                                  TYPE     
UUID-ethernet-REPLACED-REPLACED-REPL  ethernet 
5fcfd6d7-1e63-3332-8826-a7eda103792d  ethernet 
UUID-con-xx1-REPLACED-REPLACED-REPLA  ethernet 

<<<
stderr: 0 bytes
>>>

<<<
