location: clients/tests/test-client.py:979:test_004()/106
cmd: $NMCLI --pretty --color yes -f COMMON device wifi list bssid C0:E2:BE:E8:EF:B6
lang: pl_PL.UTF-8
returncode: 0
stdout: 464 bytes
>>>
========================================
  Lista skanowania sieci Wi-Fi (wlan0)
========================================
IN-USE  SSID        MODE            CHAN  RATE     SIGNAL  BARS  SECURITY  
--------------------------------------------------------------------------------------------------------------------
[32m [0m       [32mwlan0-ap-2[0m  [32mInfrastruktura[0m  [32m1[0m     [32m54â€‰Mb/s[0m  [32m92[0m      [32m****[0m  [32mWPA1 WPA2[0m 

<<<
stderr: 0 bytes
>>>

<<<
