location: clients/tests/test-client.py:989:test_004()/83
cmd: $NMCLI --terse -f NAME,SSID,SSID-HEX,BSSID,MODE,CHAN,FREQ,RATE,SIGNAL,BARS,SECURITY,WPA-FLAGS,RSN-FLAGS,DEVICE,ACTIVE,IN-USE,DBUS-PATH device wifi list
lang: C
returncode: 0
stdout: 1022 bytes
>>>
AP[1]:wlan1-ap-4:776C616E312D61702D34:94\:2B\:E8\:F6\:D2\:86:Infra:1:2412 MHz:54 Mbit/s:48:**  :WPA1 WPA2:pair_tkip pair_ccmp group_tkip group_ccmp psk:pair_tkip pair_ccmp group_tkip group_ccmp psk:wlan1:no: :/org/freedesktop/NetworkManager/AccessPoint/4


AP[1]:wlan0-ap-2:776C616E302D61702D32:C0\:E2\:BE\:E8\:EF\:B6:Infra:1:2412 MHz:54 Mbit/s:92:****:WPA1 WPA2:pair_tkip pair_ccmp group_tkip group_ccmp psk:pair_tkip pair_ccmp group_tkip group_ccmp psk:wlan0:no: :/org/freedesktop/NetworkManager/AccessPoint/2
AP[2]:wlan0-ap-1:776C616E302D61702D31:61\:95\:77\:AC\:1E\:4C:Infra:1:2412 MHz:54 Mbit/s:81:****:WPA1 WPA2:pair_tkip pair_ccmp group_tkip group_ccmp psk:pair_tkip pair_ccmp group_tkip group_ccmp psk:wlan0:no: :/org/freedesktop/NetworkManager/AccessPoint/1
AP[3]:wlan0-ap-3:776C616E302D61702D33:9B\:F6\:B7\:EC\:97\:76:Infra:1:2412 MHz:54 Mbit/s:55:**  :WPA1 WPA2:pair_tkip pair_ccmp group_tkip group_ccmp psk:pair_tkip pair_ccmp group_tkip group_ccmp psk:wlan0:no: :/org/freedesktop/NetworkManager/AccessPoint/3

<<<
stderr: 0 bytes
>>>

<<<
