location: clients/tests/test-client.py:993:test_004()/141
cmd: $NMCLI --mode tabular --terse -f COMMON device wifi list bssid C0:E2:BE:E8:EF:B6
lang: C
returncode: 0
stdout: 49 bytes
>>>
 :wlan0-ap-2:Infra:1:54 Mbit/s:92:****:WPA1 WPA2

<<<
stderr: 0 bytes
>>>

<<<
