location: clients/tests/test-client.py:892:test_003()/94
cmd: $NMCLI -f UUID,TYPE --mode tabular --pretty con
lang: pl_PL.UTF-8
returncode: 0
stdout: 366 bytes
>>>
==========================================
  Profile połączeń usługi NetworkManager
==========================================
UUID                                  TYPE     
------------------------------------------------------------------------------------------
5fcfd6d7-1e63-3332-8826-a7eda103792d  ethernet 
UUID-con-xx1-REPLACED-REPLACED-REPLA  ethernet 

<<<
stderr: 0 bytes
>>>

<<<
