location: clients/tests/test-client.py:881:test_003()/342
cmd: $NMCLI --mode tabular --terse con s ethernet
lang: pl_PL.UTF-8
returncode: 10
stdout: 0 bytes
>>>

<<<
stderr: 58 bytes
>>>
Błąd: ethernet — nie ma takiego profilu połączenia.

<<<
