location: clients/tests/test-client.py:811:test_003()/9
cmd: $NMCLI --complete-args -f ALL c s ''
lang: C
returncode: 0
stdout: 73 bytes
>>>

--active
--order
apath
con-1
con-xx1
ethernet
filename
help
id
path
uuid
<<<
stderr: 0 bytes
>>>

<<<
