location: clients/tests/test-client.py:1000:test_004()/111
cmd: $NMCLI --mode tabular -f COMMON device show wlan0
lang: C
returncode: 0
stdout: 980 bytes
>>>
DEVICE 
wlan0  

TYPE 
wifi 

HWADDR            
13:E0:74:85:7C:D9 

MTU 
0   

STATE            
20 (unavailable) 

CONNECTION 
con-vpn-1  

CON-PATH                                           
/org/freedesktop/NetworkManager/ActiveConnection/2 

GROUP  ADDRESS                                 GATEWAY         ROUTE  DNS  DOMAIN                                                                            WINS           
IP4    192.168.228.18/32 | 192.168.209.179/25  192.168.41.120  --     --   sear4.foo2.bar | sear4.fo.x.y | sear4.foo1.bar | sear4.foo4.bar | sear4.fo.o.bar  192.168.120.79 

GROUP  ADDRESS  GATEWAY  ROUTE                                                           DNS  DOMAIN                                                                                            
IP6    --       --       dst = 2001:a::dd5b:aa7b:b4a2:e42/102, nh = ::, mt = 2504159086  --   sear6.foo2.bar | sear6.foo1.bar | sear6.fo.x.y | sear6.fo.o.bar | sear6.foo3.bar | sear6.foo4.bar 

<<<
stderr: 0 bytes
>>>

<<<
