location: clients/tests/test-client.py:881:test_003()/251
cmd: $NMCLI --color yes con s ethernet
lang: C
returncode: 10
stdout: 0 bytes
>>>

<<<
stderr: 46 bytes
>>>
Error: ethernet - no such connection profile.

<<<
