location: clients/tests/test-client.py:884:test_003()/263
cmd: $NMCLI --pretty c s /org/freedesktop/NetworkManager/ActiveConnection/1
lang: C
returncode: 0
stdout: 1193 bytes
>>>
===============================================================================
                          Connection profile details
===============================================================================
===============================================================================
      Activate connection details (UUID-ethernet-REPLACED-REPLACED-REPL)
===============================================================================
GENERAL.NAME:                           ethernet
GENERAL.UUID:                           UUID-ethernet-REPLACED-REPLACED-REPL
GENERAL.DEVICES:                        eth0
GENERAL.STATE:                          deactivating
GENERAL.DEFAULT:                        no
GENERAL.DEFAULT6:                       no
GENERAL.SPEC-OBJECT:                    --
GENERAL.VPN:                            no
GENERAL.DBUS-PATH:                      /org/freedesktop/NetworkManager/ActiveConnection/1
GENERAL.CON-PATH:                       /org/freedesktop/NetworkManager/Settings/Connection/3
GENERAL.ZONE:                           --
GENERAL.MASTER-PATH:                    --
-------------------------------------------------------------------------------

<<<
stderr: 0 bytes
>>>

<<<
