location: clients/tests/test-client.py:991:test_004()/68
cmd: $NMCLI --pretty -f ALL device wifi list bssid C0:E2:BE:E8:EF:B6
lang: pl_PL.UTF-8
returncode: 0
stdout: 1039 bytes
>>>
========================================
  Lista skanowania sieci Wi-Fi (wlan0)
========================================
NAME   SSID        SSID-HEX              BSSID              MODE            CHAN  FREQ      RATE     SIGNAL  BARS  SECURITY   WPA-FLAGS                                      RSN-FLAGS                                      DEVICE  ACTIVE  IN-USE  DBUS-PATH                                     
-------------------------------------------------------------------------------------------------------------------------------------------------------------------------------------------------------------------------------------------------------------------------------------------------------------------------------------------
AP[1]  wlan0-ap-2  776C616E302D61702D32  C0:E2:BE:E8:EF:B6  Infrastruktura  1     2412 MHz  54 Mb/s  92      ****  WPA1 WPA2  pair_tkip pair_ccmp group_tkip group_ccmp psk  pair_tkip pair_ccmp group_tkip group_ccmp psk  wlan0   nie             /org/freedesktop/NetworkManager/AccessPoint/2 

<<<
stderr: 0 bytes
>>>

<<<
