location: clients/tests/test-client.py:836:test_003()/42
cmd: $NMCLI -f ACTIVE-PATH,DEVICE,UUID con s -act
lang: pl_PL.UTF-8
returncode: 0
stdout: 294 bytes
>>>
ACTIVE-PATH                                         DEVICE  UUID                                 
/org/freedesktop/NetworkManager/ActiveConnection/1  eth0    UUID-ethernet-REPLACED-REPLACED-REPL 
/org/freedesktop/NetworkManager/ActiveConnection/2  eth1    UUID-ethernet-REPLACED-REPLACED-REPL 

<<<
stderr: 0 bytes
>>>

<<<
