location: clients/tests/test-client.py:845:test_003()/48
cmd: $NMCLI -f GENERAL.STATE con s ethernet
lang: pl_PL.UTF-8
returncode: 0
stdout: 103 bytes
>>>
GENERAL.STATE:                          aktywowano

GENERAL.STATE:                          aktywowano

<<<
stderr: 0 bytes
>>>

<<<
